[INFO] log file: /home/nemo/JMA-GPV/log/log_ens1m_20260330.log
[BATCH START] 2026-04-01 10:58:56
[RANGE] start=20260329 end=20260331
[DATE] 20260330
[STAGE START] 2026-04-01 10:58:56 stage=01_make_ens1m_netcdf_convert
[SUBPROC START] 2026-04-01 10:58:56 01_make_ens1m_netcdf_convert.py date=20260330 var=TMP[SUBPROC START] 2026-04-01 10:58:56 01_make_ens1m_netcdf_convert.py date=20260330 var=RH
[RUN] /home/nemo/miniforge3/envs/geps/bin/python /home/nemo/JMA-GPV/scripts/01_make_ens1m_netcdf_convert.py --date 20260330 --var TMP --dir /mnt/e/jmadata --out-root /mnt/e/data

[RUN] /home/nemo/miniforge3/envs/geps/bin/python /home/nemo/JMA-GPV/scripts/01_make_ens1m_netcdf_convert.py --date 20260330 --var RH --dir /mnt/e/jmadata --out-root /mnt/e/data
[SUBPROC END] 2026-04-01 11:01:36 01_make_ens1m_netcdf_convert.py date=20260330 var=TMP status=ok elapsed_sec=159.5
[SUBPROC START] 2026-04-01 11:01:36 01_make_ens1m_netcdf_convert.py date=20260330 var=UGRD
[RUN] /home/nemo/miniforge3/envs/geps/bin/python /home/nemo/JMA-GPV/scripts/01_make_ens1m_netcdf_convert.py --date 20260330 --var UGRD --dir /mnt/e/jmadata --out-root /mnt/e/data
[SUBPROC END] 2026-04-01 11:01:36 01_make_ens1m_netcdf_convert.py date=20260330 var=RH status=ok elapsed_sec=160.1
[SUBPROC START] 2026-04-01 11:01:36 01_make_ens1m_netcdf_convert.py date=20260330 var=VGRD
[RUN] /home/nemo/miniforge3/envs/geps/bin/python /home/nemo/JMA-GPV/scripts/01_make_ens1m_netcdf_convert.py --date 20260330 --var VGRD --dir /mnt/e/jmadata --out-root /mnt/e/data
[SUBPROC END] 2026-04-01 11:04:16 01_make_ens1m_netcdf_convert.py date=20260330 var=UGRD status=ok elapsed_sec=160.1
[SUBPROC START] 2026-04-01 11:04:16 01_make_ens1m_netcdf_convert.py date=20260330 var=APCP
[RUN] /home/nemo/miniforge3/envs/geps/bin/python /home/nemo/JMA-GPV/scripts/01_make_ens1m_netcdf_convert.py --date 20260330 --var APCP --dir /mnt/e/jmadata --out-root /mnt/e/data
[SUBPROC END] 2026-04-01 11:04:19 01_make_ens1m_netcdf_convert.py date=20260330 var=VGRD status=ok elapsed_sec=162.9
[SUBPROC START] 2026-04-01 11:04:19 01_make_ens1m_netcdf_convert.py date=20260330 var=PRMSL
[RUN] /home/nemo/miniforge3/envs/geps/bin/python /home/nemo/JMA-GPV/scripts/01_make_ens1m_netcdf_convert.py --date 20260330 --var PRMSL --dir /mnt/e/jmadata --out-root /mnt/e/data
[SUBPROC END] 2026-04-01 11:06:57 01_make_ens1m_netcdf_convert.py date=20260330 var=APCP status=ok elapsed_sec=160.6
[SUBPROC START] 2026-04-01 11:06:57 01_make_ens1m_netcdf_convert.py date=20260330 var=TCDC
[RUN] /home/nemo/miniforge3/envs/geps/bin/python /home/nemo/JMA-GPV/scripts/01_make_ens1m_netcdf_convert.py --date 20260330 --var TCDC --dir /mnt/e/jmadata --out-root /mnt/e/data
[SUBPROC END] 2026-04-01 11:06:59 01_make_ens1m_netcdf_convert.py date=20260330 var=PRMSL status=ok elapsed_sec=160.0
[SUBPROC END] 2026-04-01 11:09:21 01_make_ens1m_netcdf_convert.py date=20260330 var=TCDC status=ok elapsed_sec=144.1
[STAGE END] 2026-04-01 11:09:21 stage=01_make_ens1m_netcdf_convert
[STAGE START] 2026-04-01 11:09:21 stage=02_make_ens1m_hourly
[SUBPROC START] 2026-04-01 11:09:21 02_make_ens1m_hourly.py date=20260330 var=TMP[SUBPROC START] 2026-04-01 11:09:21 02_make_ens1m_hourly.py date=20260330 var=RH

[RUN] /home/nemo/miniforge3/envs/geps/bin/python /home/nemo/JMA-GPV/scripts/02_make_ens1m_hourly.py --date 20260330 --var RH --base /mnt/e/data[RUN] /home/nemo/miniforge3/envs/geps/bin/python /home/nemo/JMA-GPV/scripts/02_make_ens1m_hourly.py --date 20260330 --var TMP --base /mnt/e/data

[SUBPROC END] 2026-04-01 11:09:37 02_make_ens1m_hourly.py date=20260330 var=TMP status=ok elapsed_sec=16.5
[SUBPROC START] 2026-04-01 11:09:37 02_make_ens1m_hourly.py date=20260330 var=UGRD
[RUN] /home/nemo/miniforge3/envs/geps/bin/python /home/nemo/JMA-GPV/scripts/02_make_ens1m_hourly.py --date 20260330 --var UGRD --base /mnt/e/data
[SUBPROC END] 2026-04-01 11:09:38 02_make_ens1m_hourly.py date=20260330 var=RH status=ok elapsed_sec=17.6
[SUBPROC START] 2026-04-01 11:09:38 02_make_ens1m_hourly.py date=20260330 var=VGRD
[RUN] /home/nemo/miniforge3/envs/geps/bin/python /home/nemo/JMA-GPV/scripts/02_make_ens1m_hourly.py --date 20260330 --var VGRD --base /mnt/e/data
[SUBPROC END] 2026-04-01 11:09:56 02_make_ens1m_hourly.py date=20260330 var=UGRD status=ok elapsed_sec=19.1
[SUBPROC START] 2026-04-01 11:09:56 02_make_ens1m_hourly.py date=20260330 var=APCP
[RUN] /home/nemo/miniforge3/envs/geps/bin/python /home/nemo/JMA-GPV/scripts/02_make_ens1m_hourly.py --date 20260330 --var APCP --base /mnt/e/data
[SUBPROC END] 2026-04-01 11:09:58 02_make_ens1m_hourly.py date=20260330 var=VGRD status=ok elapsed_sec=19.8
[SUBPROC START] 2026-04-01 11:09:58 02_make_ens1m_hourly.py date=20260330 var=PRMSL
[RUN] /home/nemo/miniforge3/envs/geps/bin/python /home/nemo/JMA-GPV/scripts/02_make_ens1m_hourly.py --date 20260330 --var PRMSL --base /mnt/e/data
[SUBPROC END] 2026-04-01 11:10:14 02_make_ens1m_hourly.py date=20260330 var=PRMSL status=ok elapsed_sec=15.8
[SUBPROC START] 2026-04-01 11:10:14 02_make_ens1m_hourly.py date=20260330 var=TCDC
[RUN] /home/nemo/miniforge3/envs/geps/bin/python /home/nemo/JMA-GPV/scripts/02_make_ens1m_hourly.py --date 20260330 --var TCDC --base /mnt/e/data
[SUBPROC END] 2026-04-01 11:10:29 02_make_ens1m_hourly.py date=20260330 var=TCDC status=ok elapsed_sec=15.1
[SUBPROC END] 2026-04-01 11:10:59 02_make_ens1m_hourly.py date=20260330 var=APCP status=ok elapsed_sec=63.3
[STAGE END] 2026-04-01 11:10:59 stage=02_make_ens1m_hourly
[STAGE START] 2026-04-01 11:10:59 stage=03_make_ens1m_hourly_wind
[SUBPROC START] 2026-04-01 11:10:59 03_make_ens1m_hourly_wind.py date=20260330
[RUN] /home/nemo/miniforge3/envs/geps/bin/python /home/nemo/JMA-GPV/scripts/03_make_ens1m_hourly_wind.py --date 20260330 --base /mnt/e/data
[SUBPROC END] 2026-04-01 11:13:13 03_make_ens1m_hourly_wind.py date=20260330 status=ok elapsed_sec=134.0
[STAGE END] 2026-04-01 11:13:13 stage=03_make_ens1m_hourly_wind
[STAGE START] 2026-04-01 11:13:13 stage=04_make_ens1m_daily
[SUBPROC START] 2026-04-01 11:13:13 04_make_ens1m_daily.py date=20260330 var=TMP[SUBPROC START] 2026-04-01 11:13:13 04_make_ens1m_daily.py date=20260330 var=RH
[RUN] /home/nemo/miniforge3/envs/geps/bin/python /home/nemo/JMA-GPV/scripts/04_make_ens1m_daily.py --date 20260330 --var RH --base /mnt/e/data

[RUN] /home/nemo/miniforge3/envs/geps/bin/python /home/nemo/JMA-GPV/scripts/04_make_ens1m_daily.py --date 20260330 --var TMP --base /mnt/e/data
[SUBPROC END] 2026-04-01 11:13:59 04_make_ens1m_daily.py date=20260330 var=TMP status=ok elapsed_sec=45.2
[SUBPROC START] 2026-04-01 11:13:59 04_make_ens1m_daily.py date=20260330 var=UGRD
[RUN] /home/nemo/miniforge3/envs/geps/bin/python /home/nemo/JMA-GPV/scripts/04_make_ens1m_daily.py --date 20260330 --var UGRD --base /mnt/e/data
[SUBPROC END] 2026-04-01 11:14:03 04_make_ens1m_daily.py date=20260330 var=RH status=ok elapsed_sec=49.8
[SUBPROC START] 2026-04-01 11:14:03 04_make_ens1m_daily.py date=20260330 var=VGRD
[RUN] /home/nemo/miniforge3/envs/geps/bin/python /home/nemo/JMA-GPV/scripts/04_make_ens1m_daily.py --date 20260330 --var VGRD --base /mnt/e/data
[SUBPROC END] 2026-04-01 11:14:57 04_make_ens1m_daily.py date=20260330 var=UGRD status=ok elapsed_sec=58.1
[SUBPROC START] 2026-04-01 11:14:57 04_make_ens1m_daily.py date=20260330 var=APCP
[RUN] /home/nemo/miniforge3/envs/geps/bin/python /home/nemo/JMA-GPV/scripts/04_make_ens1m_daily.py --date 20260330 --var APCP --base /mnt/e/data
[SUBPROC END] 2026-04-01 11:15:02 04_make_ens1m_daily.py date=20260330 var=VGRD status=ok elapsed_sec=58.3
[SUBPROC START] 2026-04-01 11:15:02 04_make_ens1m_daily.py date=20260330 var=PRMSL
[RUN] /home/nemo/miniforge3/envs/geps/bin/python /home/nemo/JMA-GPV/scripts/04_make_ens1m_daily.py --date 20260330 --var PRMSL --base /mnt/e/data
[SUBPROC END] 2026-04-01 11:15:06 04_make_ens1m_daily.py date=20260330 var=APCP status=ok elapsed_sec=9.7
[SUBPROC START] 2026-04-01 11:15:06 04_make_ens1m_daily.py date=20260330 var=TCDC
[RUN] /home/nemo/miniforge3/envs/geps/bin/python /home/nemo/JMA-GPV/scripts/04_make_ens1m_daily.py --date 20260330 --var TCDC --base /mnt/e/data
[SUBPROC END] 2026-04-01 11:15:42 04_make_ens1m_daily.py date=20260330 var=PRMSL status=ok elapsed_sec=40.8
[SUBPROC END] 2026-04-01 11:15:57 04_make_ens1m_daily.py date=20260330 var=TCDC status=ok elapsed_sec=50.9
[STAGE END] 2026-04-01 11:15:57 stage=04_make_ens1m_daily
[STAGE START] 2026-04-01 11:15:57 stage=05_make_ens1m_daily_wind
[SUBPROC START] 2026-04-01 11:15:57 05_make_ens1m_daily_wind.py date=20260330
[RUN] /home/nemo/miniforge3/envs/geps/bin/python /home/nemo/JMA-GPV/scripts/05_make_ens1m_daily_wind.py --date 20260330 --base /mnt/e/data
[SUBPROC END] 2026-04-01 11:16:03 05_make_ens1m_daily_wind.py date=20260330 status=ok elapsed_sec=5.9
[STAGE END] 2026-04-01 11:16:03 stage=05_make_ens1m_daily_wind
[STAGE START] 2026-04-01 11:16:03 stage=extend_with_previous_thursday
[SKIP] extend hourly TMP: missing current or previous-Thursday file
[SKIP] extend hourly RH: missing current or previous-Thursday file
[SKIP] extend hourly UGRD: missing current or previous-Thursday file
[SKIP] extend hourly VGRD: missing current or previous-Thursday file
[SKIP] extend hourly APCP: missing current or previous-Thursday file
[SKIP] extend hourly PRMSL: missing current or previous-Thursday file
[SKIP] extend hourly TCDC: missing current or previous-Thursday file
[SKIP] extend hourly WS: missing current or previous-Thursday file
[SKIP] extend hourly WD: missing current or previous-Thursday file
[SKIP] extend daily TMP: missing current or previous-Thursday file
[SKIP] extend daily RH: missing current or previous-Thursday file
[SKIP] extend daily UGRD: missing current or previous-Thursday file
[SKIP] extend daily VGRD: missing current or previous-Thursday file
[SKIP] extend daily APCP: missing current or previous-Thursday file
[SKIP] extend daily PRMSL: missing current or previous-Thursday file
[SKIP] extend daily TCDC: missing current or previous-Thursday file
[SKIP] extend daily WS: missing current or previous-Thursday file
[SKIP] extend daily WD: missing current or previous-Thursday file
[STAGE END] 2026-04-01 11:16:03 stage=extend_with_previous_thursday
[STAGE START] 2026-04-01 11:16:03 stage=16_plot_ens1m_daily_check_points
[SUBPROC START] 2026-04-01 11:16:03 16_plot_ens1m_daily_check_points.py date=20260330
[RUN] /home/nemo/miniforge3/envs/geps/bin/python /home/nemo/JMA-GPV/scripts/16_plot_ens1m_daily_check_points.py --date 20260330 --base /mnt/e/data
[SUBPROC END] 2026-04-01 11:16:06 16_plot_ens1m_daily_check_points.py date=20260330 status=ok elapsed_sec=2.5
[STAGE END] 2026-04-01 11:16:06 stage=16_plot_ens1m_daily_check_points
[STAGE START] 2026-04-01 11:16:06 stage=17_plot_ens1m_hourly_check_points
[SUBPROC START] 2026-04-01 11:16:06 17_plot_ens1m_hourly_check_points.py date=20260330
[RUN] /home/nemo/miniforge3/envs/geps/bin/python /home/nemo/JMA-GPV/scripts/17_plot_ens1m_hourly_check_points.py --date 20260330 --base /mnt/e/data
[SUBPROC END] 2026-04-01 11:16:09 17_plot_ens1m_hourly_check_points.py date=20260330 status=ok elapsed_sec=3.3
[STAGE END] 2026-04-01 11:16:09 stage=17_plot_ens1m_hourly_check_points
[BATCH END] 2026-04-01 11:16:09 date=20260330 elapsed_sec=1032.7
