[INFO] log file: /home/nemo/JMA-GPV/log/log_ens1m_20260328-02.log
[BATCH START] 2026-04-01 17:19:40
[RANGE] start=20260328 end=20260328
[DATE] 20260328
[INFO] memory available=122.00 GiB, memory-aware jobs: heavy_stages=7 general=7
[INFO] --jobs not specified; auto parallelism is active
[INFO] stage01 high-memory mode: enabled
[STAGE START] 2026-04-01 17:19:40 stage=01_make_ens1m_netcdf_convert
[SUBPROC START] 2026-04-01 17:19:40 01_make_ens1m_netcdf_convert.py date=20260328 var=TMP[SUBPROC START] 2026-04-01 17:19:40 01_make_ens1m_netcdf_convert.py date=20260328 var=RH
[SUBPROC START] 2026-04-01 17:19:40 01_make_ens1m_netcdf_convert.py date=20260328 var=UGRD
[SUBPROC START] 2026-04-01 17:19:40 01_make_ens1m_netcdf_convert.py date=20260328 var=PRMSL
[RUN][SUBPROC START] 2026-04-01 17:19:40 01_make_ens1m_netcdf_convert.py date=20260328 var=APCP
[SUBPROC START] 2026-04-01 17:19:40 01_make_ens1m_netcdf_convert.py date=20260328 var=TCDC[RUN]
 [SUBPROC START] 2026-04-01 17:19:40 01_make_ens1m_netcdf_convert.py date=20260328 var=VGRD[RUN]/home/nemo/miniforge3/envs/geps/bin/python /home/nemo/JMA-GPV/scripts/01_make_ens1m_netcdf_convert.py --date 20260328 --var RH --dir /mnt/e/jmadata --out-root /mnt/e/data --high-memory-mode 
/home/nemo/miniforge3/envs/geps/bin/python /home/nemo/JMA-GPV/scripts/01_make_ens1m_netcdf_convert.py --date 20260328 --var TMP --dir /mnt/e/jmadata --out-root /mnt/e/data --high-memory-mode

 
/home/nemo/miniforge3/envs/geps/bin/python /home/nemo/JMA-GPV/scripts/01_make_ens1m_netcdf_convert.py --date 20260328 --var UGRD --dir /mnt/e/jmadata --out-root /mnt/e/data --high-memory-mode[RUN]
[RUN][RUN][RUN]  /home/nemo/miniforge3/envs/geps/bin/python /home/nemo/JMA-GPV/scripts/01_make_ens1m_netcdf_convert.py --date 20260328 --var APCP --dir /mnt/e/jmadata --out-root /mnt/e/data --high-memory-mode /home/nemo/miniforge3/envs/geps/bin/python /home/nemo/JMA-GPV/scripts/01_make_ens1m_netcdf_convert.py --date 20260328 --var VGRD --dir /mnt/e/jmadata --out-root /mnt/e/data --high-memory-mode
/home/nemo/miniforge3/envs/geps/bin/python /home/nemo/JMA-GPV/scripts/01_make_ens1m_netcdf_convert.py --date 20260328 --var TCDC --dir /mnt/e/jmadata --out-root /mnt/e/data --high-memory-mode 
/home/nemo/miniforge3/envs/geps/bin/python /home/nemo/JMA-GPV/scripts/01_make_ens1m_netcdf_convert.py --date 20260328 --var PRMSL --dir /mnt/e/jmadata --out-root /mnt/e/data --high-memory-mode

[SUBPROC END] 2026-04-01 17:23:49 01_make_ens1m_netcdf_convert.py date=20260328 var=PRMSL status=ok elapsed_sec=248.9
[SUBPROC END] 2026-04-01 17:23:55 01_make_ens1m_netcdf_convert.py date=20260328 var=APCP status=ok elapsed_sec=254.6
[SUBPROC END] 2026-04-01 17:23:56 01_make_ens1m_netcdf_convert.py date=20260328 var=RH status=ok elapsed_sec=256.1
[SUBPROC END] 2026-04-01 17:23:59 01_make_ens1m_netcdf_convert.py date=20260328 var=TCDC status=ok elapsed_sec=258.9
[SUBPROC END] 2026-04-01 17:24:00 01_make_ens1m_netcdf_convert.py date=20260328 var=UGRD status=ok elapsed_sec=259.8
[SUBPROC END] 2026-04-01 17:24:00 01_make_ens1m_netcdf_convert.py date=20260328 var=VGRD status=ok elapsed_sec=259.8
[SUBPROC END] 2026-04-01 17:24:01 01_make_ens1m_netcdf_convert.py date=20260328 var=TMP status=ok elapsed_sec=260.5
[STAGE END] 2026-04-01 17:24:01 stage=01_make_ens1m_netcdf_convert
[STAGE START] 2026-04-01 17:24:01 stage=02_make_ens1m_hourly
[SUBPROC START] 2026-04-01 17:24:01 02_make_ens1m_hourly.py date=20260328 var=TMP[SUBPROC START] 2026-04-01 17:24:01 02_make_ens1m_hourly.py date=20260328 var=RH
[SUBPROC START] 2026-04-01 17:24:01 02_make_ens1m_hourly.py date=20260328 var=UGRD[SUBPROC START] 2026-04-01 17:24:01 02_make_ens1m_hourly.py date=20260328 var=VGRD[SUBPROC START] 2026-04-01 17:24:01 02_make_ens1m_hourly.py date=20260328 var=APCP
[SUBPROC START] 2026-04-01 17:24:01 02_make_ens1m_hourly.py date=20260328 var=TCDC[SUBPROC START] 2026-04-01 17:24:01 02_make_ens1m_hourly.py date=20260328 var=PRMSL


[RUN]

[RUN] [RUN][RUN]/home/nemo/miniforge3/envs/geps/bin/python /home/nemo/JMA-GPV/scripts/02_make_ens1m_hourly.py --date 20260328 --var UGRD --base /mnt/e/data   [RUN]
 /home/nemo/miniforge3/envs/geps/bin/python /home/nemo/JMA-GPV/scripts/02_make_ens1m_hourly.py --date 20260328 --var PRMSL --base /mnt/e/data/home/nemo/miniforge3/envs/geps/bin/python /home/nemo/JMA-GPV/scripts/02_make_ens1m_hourly.py --date 20260328 --var RH --base /mnt/e/data[RUN]
/home/nemo/miniforge3/envs/geps/bin/python /home/nemo/JMA-GPV/scripts/02_make_ens1m_hourly.py --date 20260328 --var VGRD --base /mnt/e/data /home/nemo/miniforge3/envs/geps/bin/python /home/nemo/JMA-GPV/scripts/02_make_ens1m_hourly.py --date 20260328 --var TMP --base /mnt/e/data


[RUN] /home/nemo/miniforge3/envs/geps/bin/python /home/nemo/JMA-GPV/scripts/02_make_ens1m_hourly.py --date 20260328 --var TCDC --base /mnt/e/data
/home/nemo/miniforge3/envs/geps/bin/python /home/nemo/JMA-GPV/scripts/02_make_ens1m_hourly.py --date 20260328 --var APCP --base /mnt/e/data
[SUBPROC END] 2026-04-01 17:24:30 02_make_ens1m_hourly.py date=20260328 var=PRMSL status=ok elapsed_sec=29.2
[SUBPROC END] 2026-04-01 17:24:31 02_make_ens1m_hourly.py date=20260328 var=TCDC status=ok elapsed_sec=30.0
[SUBPROC END] 2026-04-01 17:24:31 02_make_ens1m_hourly.py date=20260328 var=TMP status=ok elapsed_sec=30.1
[SUBPROC END] 2026-04-01 17:24:32 02_make_ens1m_hourly.py date=20260328 var=RH status=ok elapsed_sec=31.4
[SUBPROC END] 2026-04-01 17:24:34 02_make_ens1m_hourly.py date=20260328 var=VGRD status=ok elapsed_sec=33.6
[SUBPROC END] 2026-04-01 17:24:34 02_make_ens1m_hourly.py date=20260328 var=UGRD status=ok elapsed_sec=33.6
