[INFO] log file: /Users/nemo/linux_work/JMA_GPV/log/log_ens1m_20260329.log
[DATE] 20260329
[RUN] /Users/nemo/miniforge3/bin/python3 /Users/nemo/linux_work/JMA_GPV/scripts/01_make_ens1m_netcdf_convert.py --date 20260329 --var TMP --dir /Users/nemo/linux_work/JMA_GPV/jmadata --out-root /Users/nemo/linux_work/JMA_GPV/data
[RUN] /Users/nemo/miniforge3/bin/python3 /Users/nemo/linux_work/JMA_GPV/scripts/01_make_ens1m_netcdf_convert.py --date 20260329 --var RH --dir /Users/nemo/linux_work/JMA_GPV/jmadata --out-root /Users/nemo/linux_work/JMA_GPV/data
[RUN] /Users/nemo/miniforge3/bin/python3 /Users/nemo/linux_work/JMA_GPV/scripts/01_make_ens1m_netcdf_convert.py --date 20260329 --var UGRD --dir /Users/nemo/linux_work/JMA_GPV/jmadata --out-root /Users/nemo/linux_work/JMA_GPV/data
[RUN] /Users/nemo/miniforge3/bin/python3 /Users/nemo/linux_work/JMA_GPV/scripts/01_make_ens1m_netcdf_convert.py --date 20260329 --var VGRD --dir /Users/nemo/linux_work/JMA_GPV/jmadata --out-root /Users/nemo/linux_work/JMA_GPV/data
[RUN] /Users/nemo/miniforge3/bin/python3 /Users/nemo/linux_work/JMA_GPV/scripts/01_make_ens1m_netcdf_convert.py --date 20260329 --var APCP --dir /Users/nemo/linux_work/JMA_GPV/jmadata --out-root /Users/nemo/linux_work/JMA_GPV/data
[RUN] /Users/nemo/miniforge3/bin/python3 /Users/nemo/linux_work/JMA_GPV/scripts/01_make_ens1m_netcdf_convert.py --date 20260329 --var PRMSL --dir /Users/nemo/linux_work/JMA_GPV/jmadata --out-root /Users/nemo/linux_work/JMA_GPV/data
[RUN] /Users/nemo/miniforge3/bin/python3 /Users/nemo/linux_work/JMA_GPV/scripts/01_make_ens1m_netcdf_convert.py --date 20260329 --var TCDC --dir /Users/nemo/linux_work/JMA_GPV/jmadata --out-root /Users/nemo/linux_work/JMA_GPV/data
[RUN] /Users/nemo/miniforge3/bin/python3 /Users/nemo/linux_work/JMA_GPV/scripts/02_make_ens1m_hourly.py --date 20260329 --var TMP --base /Users/nemo/linux_work/JMA_GPV/data
[RUN] /Users/nemo/miniforge3/bin/python3 /Users/nemo/linux_work/JMA_GPV/scripts/02_make_ens1m_hourly.py --date 20260329 --var RH --base /Users/nemo/linux_work/JMA_GPV/data
[RUN] /Users/nemo/miniforge3/bin/python3 /Users/nemo/linux_work/JMA_GPV/scripts/02_make_ens1m_hourly.py --date 20260329 --var UGRD --base /Users/nemo/linux_work/JMA_GPV/data
[RUN] /Users/nemo/miniforge3/bin/python3 /Users/nemo/linux_work/JMA_GPV/scripts/02_make_ens1m_hourly.py --date 20260329 --var VGRD --base /Users/nemo/linux_work/JMA_GPV/data
[RUN] /Users/nemo/miniforge3/bin/python3 /Users/nemo/linux_work/JMA_GPV/scripts/02_make_ens1m_hourly.py --date 20260329 --var APCP --base /Users/nemo/linux_work/JMA_GPV/data
[RUN] /Users/nemo/miniforge3/bin/python3 /Users/nemo/linux_work/JMA_GPV/scripts/02_make_ens1m_hourly.py --date 20260329 --var PRMSL --base /Users/nemo/linux_work/JMA_GPV/data
[RUN] /Users/nemo/miniforge3/bin/python3 /Users/nemo/linux_work/JMA_GPV/scripts/02_make_ens1m_hourly.py --date 20260329 --var TCDC --base /Users/nemo/linux_work/JMA_GPV/data
[RUN] /Users/nemo/miniforge3/bin/python3 /Users/nemo/linux_work/JMA_GPV/scripts/03_make_ens1m_hourly_wind.py --date 20260329 --base /Users/nemo/linux_work/JMA_GPV/data
[RUN] /Users/nemo/miniforge3/bin/python3 /Users/nemo/linux_work/JMA_GPV/scripts/04_make_ens1m_daily.py --date 20260329 --var TMP --base /Users/nemo/linux_work/JMA_GPV/data
[RUN] /Users/nemo/miniforge3/bin/python3 /Users/nemo/linux_work/JMA_GPV/scripts/04_make_ens1m_daily.py --date 20260329 --var RH --base /Users/nemo/linux_work/JMA_GPV/data
[RUN] /Users/nemo/miniforge3/bin/python3 /Users/nemo/linux_work/JMA_GPV/scripts/04_make_ens1m_daily.py --date 20260329 --var UGRD --base /Users/nemo/linux_work/JMA_GPV/data
[RUN] /Users/nemo/miniforge3/bin/python3 /Users/nemo/linux_work/JMA_GPV/scripts/04_make_ens1m_daily.py --date 20260329 --var VGRD --base /Users/nemo/linux_work/JMA_GPV/data
[RUN] /Users/nemo/miniforge3/bin/python3 /Users/nemo/linux_work/JMA_GPV/scripts/04_make_ens1m_daily.py --date 20260329 --var APCP --base /Users/nemo/linux_work/JMA_GPV/data
[RUN] /Users/nemo/miniforge3/bin/python3 /Users/nemo/linux_work/JMA_GPV/scripts/04_make_ens1m_daily.py --date 20260329 --var PRMSL --base /Users/nemo/linux_work/JMA_GPV/data
[RUN] /Users/nemo/miniforge3/bin/python3 /Users/nemo/linux_work/JMA_GPV/scripts/04_make_ens1m_daily.py --date 20260329 --var TCDC --base /Users/nemo/linux_work/JMA_GPV/data
[SKIP] daily wind missing U/V for 20260329
