[INFO] log file: /home/nemo/JMA-GPV/log/log_ens1m_20260326.log
[BATCH START] 2026-04-01 15:17:37
[RANGE] start=20260325 end=20260328
[DATE] 20260326
[INFO] memory available=122.02 GiB, memory-aware jobs: heavy_stages=2 general=2
[INFO] stage01 high-memory mode: enabled
[STAGE START] 2026-04-01 15:17:37 stage=01_make_ens1m_netcdf_convert
[SUBPROC START] 2026-04-01 15:17:37 01_make_ens1m_netcdf_convert.py date=20260326 var=TMP[SUBPROC START] 2026-04-01 15:17:37 01_make_ens1m_netcdf_convert.py date=20260326 var=RH

[RUN][RUN]  /home/nemo/miniforge3/envs/geps/bin/python /home/nemo/JMA-GPV/scripts/01_make_ens1m_netcdf_convert.py --date 20260326 --var RH --dir /mnt/e/jmadata --out-root /mnt/e/data --high-memory-mode/home/nemo/miniforge3/envs/geps/bin/python /home/nemo/JMA-GPV/scripts/01_make_ens1m_netcdf_convert.py --date 20260326 --var TMP --dir /mnt/e/jmadata --out-root /mnt/e/data --high-memory-mode

[SUBPROC END] 2026-04-01 15:23:25 01_make_ens1m_netcdf_convert.py date=20260326 var=TMP status=ok elapsed_sec=347.6
[SUBPROC START] 2026-04-01 15:23:25 01_make_ens1m_netcdf_convert.py date=20260326 var=UGRD
[RUN] /home/nemo/miniforge3/envs/geps/bin/python /home/nemo/JMA-GPV/scripts/01_make_ens1m_netcdf_convert.py --date 20260326 --var UGRD --dir /mnt/e/jmadata --out-root /mnt/e/data --high-memory-mode
[SUBPROC END] 2026-04-01 15:23:29 01_make_ens1m_netcdf_convert.py date=20260326 var=RH status=ok elapsed_sec=352.4
[SUBPROC START] 2026-04-01 15:23:29 01_make_ens1m_netcdf_convert.py date=20260326 var=VGRD
[RUN] /home/nemo/miniforge3/envs/geps/bin/python /home/nemo/JMA-GPV/scripts/01_make_ens1m_netcdf_convert.py --date 20260326 --var VGRD --dir /mnt/e/jmadata --out-root /mnt/e/data --high-memory-mode
[SUBPROC END] 2026-04-01 15:29:13 01_make_ens1m_netcdf_convert.py date=20260326 var=UGRD status=ok elapsed_sec=348.7
[SUBPROC START] 2026-04-01 15:29:13 01_make_ens1m_netcdf_convert.py date=20260326 var=APCP
[RUN] /home/nemo/miniforge3/envs/geps/bin/python /home/nemo/JMA-GPV/scripts/01_make_ens1m_netcdf_convert.py --date 20260326 --var APCP --dir /mnt/e/jmadata --out-root /mnt/e/data --high-memory-mode
[SUBPROC END] 2026-04-01 15:29:21 01_make_ens1m_netcdf_convert.py date=20260326 var=VGRD status=ok elapsed_sec=351.6
[SUBPROC START] 2026-04-01 15:29:21 01_make_ens1m_netcdf_convert.py date=20260326 var=PRMSL
[RUN] /home/nemo/miniforge3/envs/geps/bin/python /home/nemo/JMA-GPV/scripts/01_make_ens1m_netcdf_convert.py --date 20260326 --var PRMSL --dir /mnt/e/jmadata --out-root /mnt/e/data --high-memory-mode
[SUBPROC END] 2026-04-01 15:35:05 01_make_ens1m_netcdf_convert.py date=20260326 var=APCP status=ok elapsed_sec=351.2
[SUBPROC START] 2026-04-01 15:35:05 01_make_ens1m_netcdf_convert.py date=20260326 var=TCDC
[RUN] /home/nemo/miniforge3/envs/geps/bin/python /home/nemo/JMA-GPV/scripts/01_make_ens1m_netcdf_convert.py --date 20260326 --var TCDC --dir /mnt/e/jmadata --out-root /mnt/e/data --high-memory-mode
[SUBPROC END] 2026-04-01 15:35:10 01_make_ens1m_netcdf_convert.py date=20260326 var=PRMSL status=ok elapsed_sec=348.9
[SUBPROC END] 2026-04-01 15:40:34 01_make_ens1m_netcdf_convert.py date=20260326 var=TCDC status=ok elapsed_sec=329.2
[STAGE END] 2026-04-01 15:40:34 stage=01_make_ens1m_netcdf_convert
[STAGE START] 2026-04-01 15:40:34 stage=02_make_ens1m_hourly
[SUBPROC START] 2026-04-01 15:40:34 02_make_ens1m_hourly.py date=20260326 var=TMP[SUBPROC START] 2026-04-01 15:40:34 02_make_ens1m_hourly.py date=20260326 var=RH

[RUN][RUN]  /home/nemo/miniforge3/envs/geps/bin/python /home/nemo/JMA-GPV/scripts/02_make_ens1m_hourly.py --date 20260326 --var TMP --base /mnt/e/data/home/nemo/miniforge3/envs/geps/bin/python /home/nemo/JMA-GPV/scripts/02_make_ens1m_hourly.py --date 20260326 --var RH --base /mnt/e/data

[SUBPROC END] 2026-04-01 15:43:05 02_make_ens1m_hourly.py date=20260326 var=TMP status=ok elapsed_sec=151.6
[SUBPROC START] 2026-04-01 15:43:05 02_make_ens1m_hourly.py date=20260326 var=UGRD
[RUN] /home/nemo/miniforge3/envs/geps/bin/python /home/nemo/JMA-GPV/scripts/02_make_ens1m_hourly.py --date 20260326 --var UGRD --base /mnt/e/data
[SUBPROC END] 2026-04-01 15:43:06 02_make_ens1m_hourly.py date=20260326 var=RH status=ok elapsed_sec=152.2
[SUBPROC START] 2026-04-01 15:43:06 02_make_ens1m_hourly.py date=20260326 var=VGRD
[RUN] /home/nemo/miniforge3/envs/geps/bin/python /home/nemo/JMA-GPV/scripts/02_make_ens1m_hourly.py --date 20260326 --var VGRD --base /mnt/e/data
[SUBPROC END] 2026-04-01 15:45:39 02_make_ens1m_hourly.py date=20260326 var=VGRD status=ok elapsed_sec=153.3
[SUBPROC START] 2026-04-01 15:45:39 02_make_ens1m_hourly.py date=20260326 var=APCP
[RUN] /home/nemo/miniforge3/envs/geps/bin/python /home/nemo/JMA-GPV/scripts/02_make_ens1m_hourly.py --date 20260326 --var APCP --base /mnt/e/data
[SUBPROC END] 2026-04-01 15:45:40 02_make_ens1m_hourly.py date=20260326 var=UGRD status=ok elapsed_sec=154.8
[SUBPROC START] 2026-04-01 15:45:40 02_make_ens1m_hourly.py date=20260326 var=PRMSL
[RUN] /home/nemo/miniforge3/envs/geps/bin/python /home/nemo/JMA-GPV/scripts/02_make_ens1m_hourly.py --date 20260326 --var PRMSL --base /mnt/e/data
[SUBPROC END] 2026-04-01 15:48:10 02_make_ens1m_hourly.py date=20260326 var=PRMSL status=ok elapsed_sec=149.4
[SUBPROC START] 2026-04-01 15:48:10 02_make_ens1m_hourly.py date=20260326 var=TCDC
[RUN] /home/nemo/miniforge3/envs/geps/bin/python /home/nemo/JMA-GPV/scripts/02_make_ens1m_hourly.py --date 20260326 --var TCDC --base /mnt/e/data
[SUBPROC END] 2026-04-01 15:50:37 02_make_ens1m_hourly.py date=20260326 var=TCDC status=ok elapsed_sec=147.0
[SUBPROC END] 2026-04-01 15:59:17 02_make_ens1m_hourly.py date=20260326 var=APCP status=ok elapsed_sec=817.7
[STAGE END] 2026-04-01 15:59:17 stage=02_make_ens1m_hourly
[STAGE START] 2026-04-01 15:59:17 stage=03_make_ens1m_hourly_wind
[SUBPROC START] 2026-04-01 15:59:17 03_make_ens1m_hourly_wind.py date=20260326
[RUN] /home/nemo/miniforge3/envs/geps/bin/python /home/nemo/JMA-GPV/scripts/03_make_ens1m_hourly_wind.py --date 20260326 --base /mnt/e/data
[SUBPROC END] 2026-04-01 16:27:07 03_make_ens1m_hourly_wind.py date=20260326 status=ok elapsed_sec=1670.2
[STAGE END] 2026-04-01 16:27:07 stage=03_make_ens1m_hourly_wind
[STAGE START] 2026-04-01 16:27:07 stage=04_make_ens1m_daily
[SUBPROC START] 2026-04-01 16:27:07 04_make_ens1m_daily.py date=20260326 var=TMP[SUBPROC START] 2026-04-01 16:27:07 04_make_ens1m_daily.py date=20260326 var=RH

[RUN][RUN]  /home/nemo/miniforge3/envs/geps/bin/python /home/nemo/JMA-GPV/scripts/04_make_ens1m_daily.py --date 20260326 --var RH --base /mnt/e/data
/home/nemo/miniforge3/envs/geps/bin/python /home/nemo/JMA-GPV/scripts/04_make_ens1m_daily.py --date 20260326 --var TMP --base /mnt/e/data
[SUBPROC END] 2026-04-01 16:29:23 04_make_ens1m_daily.py date=20260326 var=TMP status=ok elapsed_sec=135.9
[SUBPROC START] 2026-04-01 16:29:23 04_make_ens1m_daily.py date=20260326 var=UGRD
[RUN] /home/nemo/miniforge3/envs/geps/bin/python /home/nemo/JMA-GPV/scripts/04_make_ens1m_daily.py --date 20260326 --var UGRD --base /mnt/e/data
[SUBPROC END] 2026-04-01 16:29:35 04_make_ens1m_daily.py date=20260326 var=RH status=ok elapsed_sec=147.8
[SUBPROC START] 2026-04-01 16:29:35 04_make_ens1m_daily.py date=20260326 var=VGRD
[RUN] /home/nemo/miniforge3/envs/geps/bin/python /home/nemo/JMA-GPV/scripts/04_make_ens1m_daily.py --date 20260326 --var VGRD --base /mnt/e/data
[SUBPROC END] 2026-04-01 16:32:13 04_make_ens1m_daily.py date=20260326 var=UGRD status=ok elapsed_sec=170.3
[SUBPROC START] 2026-04-01 16:32:13 04_make_ens1m_daily.py date=20260326 var=APCP
[RUN] /home/nemo/miniforge3/envs/geps/bin/python /home/nemo/JMA-GPV/scripts/04_make_ens1m_daily.py --date 20260326 --var APCP --base /mnt/e/data
[SUBPROC END] 2026-04-01 16:32:27 04_make_ens1m_daily.py date=20260326 var=VGRD status=ok elapsed_sec=171.8
[SUBPROC START] 2026-04-01 16:32:27 04_make_ens1m_daily.py date=20260326 var=PRMSL
[RUN] /home/nemo/miniforge3/envs/geps/bin/python /home/nemo/JMA-GPV/scripts/04_make_ens1m_daily.py --date 20260326 --var PRMSL --base /mnt/e/data
[SUBPROC END] 2026-04-01 16:33:11 04_make_ens1m_daily.py date=20260326 var=APCP status=ok elapsed_sec=57.3
[SUBPROC START] 2026-04-01 16:33:11 04_make_ens1m_daily.py date=20260326 var=TCDC
[RUN] /home/nemo/miniforge3/envs/geps/bin/python /home/nemo/JMA-GPV/scripts/04_make_ens1m_daily.py --date 20260326 --var TCDC --base /mnt/e/data
[SUBPROC END] 2026-04-01 16:34:31 04_make_ens1m_daily.py date=20260326 var=PRMSL status=ok elapsed_sec=124.2
[SUBPROC END] 2026-04-01 16:35:42 04_make_ens1m_daily.py date=20260326 var=TCDC status=ok elapsed_sec=150.9
[STAGE END] 2026-04-01 16:35:42 stage=04_make_ens1m_daily
[STAGE START] 2026-04-01 16:35:42 stage=05_make_ens1m_daily_wind
[SUBPROC START] 2026-04-01 16:35:42 05_make_ens1m_daily_wind.py date=20260326
[RUN] /home/nemo/miniforge3/envs/geps/bin/python /home/nemo/JMA-GPV/scripts/05_make_ens1m_daily_wind.py --date 20260326 --base /mnt/e/data
[SUBPROC END] 2026-04-01 16:36:49 05_make_ens1m_daily_wind.py date=20260326 status=ok elapsed_sec=67.4
[STAGE END] 2026-04-01 16:36:49 stage=05_make_ens1m_daily_wind
[STAGE START] 2026-04-01 16:36:49 stage=extend_with_previous_thursday
[INFO] 20260326 is Thursday; skip previous-Thursday extension
[STAGE END] 2026-04-01 16:36:49 stage=extend_with_previous_thursday
[STAGE START] 2026-04-01 16:36:49 stage=16_plot_ens1m_daily_check_points
[SUBPROC START] 2026-04-01 16:36:49 16_plot_ens1m_daily_check_points.py date=20260326
[RUN] /home/nemo/miniforge3/envs/geps/bin/python /home/nemo/JMA-GPV/scripts/16_plot_ens1m_daily_check_points.py --date 20260326 --base /mnt/e/data
[SUBPROC END] 2026-04-01 16:36:52 16_plot_ens1m_daily_check_points.py date=20260326 status=ok elapsed_sec=2.6
[STAGE END] 2026-04-01 16:36:52 stage=16_plot_ens1m_daily_check_points
[STAGE START] 2026-04-01 16:36:52 stage=17_plot_ens1m_hourly_check_points
[SUBPROC START] 2026-04-01 16:36:52 17_plot_ens1m_hourly_check_points.py date=20260326
[RUN] /home/nemo/miniforge3/envs/geps/bin/python /home/nemo/JMA-GPV/scripts/17_plot_ens1m_hourly_check_points.py --date 20260326 --base /mnt/e/data
[SUBPROC END] 2026-04-01 16:36:56 17_plot_ens1m_hourly_check_points.py date=20260326 status=ok elapsed_sec=3.9
[STAGE END] 2026-04-01 16:36:56 stage=17_plot_ens1m_hourly_check_points
[BATCH END] 2026-04-01 16:36:56 date=20260326 elapsed_sec=4758.5
