[INFO] log file: /home/nemo/JMA-GPV/log/log_ens1m_20260331.log
[BATCH START] 2026-04-01 11:16:09
[RANGE] start=20260329 end=20260331
[DATE] 20260331
[STAGE START] 2026-04-01 11:16:09 stage=01_make_ens1m_netcdf_convert
[SUBPROC START] 2026-04-01 11:16:09 01_make_ens1m_netcdf_convert.py date=20260331 var=TMP[SUBPROC START] 2026-04-01 11:16:09 01_make_ens1m_netcdf_convert.py date=20260331 var=RH
[RUN] /home/nemo/miniforge3/envs/geps/bin/python /home/nemo/JMA-GPV/scripts/01_make_ens1m_netcdf_convert.py --date 20260331 --var TMP --dir /mnt/e/jmadata --out-root /mnt/e/data

[RUN] /home/nemo/miniforge3/envs/geps/bin/python /home/nemo/JMA-GPV/scripts/01_make_ens1m_netcdf_convert.py --date 20260331 --var RH --dir /mnt/e/jmadata --out-root /mnt/e/data
[SUBPROC END] 2026-04-01 11:18:47 01_make_ens1m_netcdf_convert.py date=20260331 var=TMP status=ok elapsed_sec=158.1
[SUBPROC START] 2026-04-01 11:18:47 01_make_ens1m_netcdf_convert.py date=20260331 var=UGRD
[RUN] /home/nemo/miniforge3/envs/geps/bin/python /home/nemo/JMA-GPV/scripts/01_make_ens1m_netcdf_convert.py --date 20260331 --var UGRD --dir /mnt/e/jmadata --out-root /mnt/e/data
[SUBPROC END] 2026-04-01 11:18:47 01_make_ens1m_netcdf_convert.py date=20260331 var=RH status=ok elapsed_sec=158.3
[SUBPROC START] 2026-04-01 11:18:47 01_make_ens1m_netcdf_convert.py date=20260331 var=VGRD
[RUN] /home/nemo/miniforge3/envs/geps/bin/python /home/nemo/JMA-GPV/scripts/01_make_ens1m_netcdf_convert.py --date 20260331 --var VGRD --dir /mnt/e/jmadata --out-root /mnt/e/data
[SUBPROC END] 2026-04-01 11:21:28 01_make_ens1m_netcdf_convert.py date=20260331 var=UGRD status=ok elapsed_sec=160.9
[SUBPROC START] 2026-04-01 11:21:28 01_make_ens1m_netcdf_convert.py date=20260331 var=APCP
[RUN] /home/nemo/miniforge3/envs/geps/bin/python /home/nemo/JMA-GPV/scripts/01_make_ens1m_netcdf_convert.py --date 20260331 --var APCP --dir /mnt/e/jmadata --out-root /mnt/e/data
[SUBPROC END] 2026-04-01 11:21:30 01_make_ens1m_netcdf_convert.py date=20260331 var=VGRD status=ok elapsed_sec=162.6
[SUBPROC START] 2026-04-01 11:21:30 01_make_ens1m_netcdf_convert.py date=20260331 var=PRMSL
[RUN] /home/nemo/miniforge3/envs/geps/bin/python /home/nemo/JMA-GPV/scripts/01_make_ens1m_netcdf_convert.py --date 20260331 --var PRMSL --dir /mnt/e/jmadata --out-root /mnt/e/data
[SUBPROC END] 2026-04-01 11:24:10 01_make_ens1m_netcdf_convert.py date=20260331 var=APCP status=ok elapsed_sec=161.6
[SUBPROC START] 2026-04-01 11:24:10 01_make_ens1m_netcdf_convert.py date=20260331 var=TCDC
[RUN] /home/nemo/miniforge3/envs/geps/bin/python /home/nemo/JMA-GPV/scripts/01_make_ens1m_netcdf_convert.py --date 20260331 --var TCDC --dir /mnt/e/jmadata --out-root /mnt/e/data
[SUBPROC END] 2026-04-01 11:24:10 01_make_ens1m_netcdf_convert.py date=20260331 var=PRMSL status=ok elapsed_sec=160.5
[SUBPROC END] 2026-04-01 11:26:33 01_make_ens1m_netcdf_convert.py date=20260331 var=TCDC status=ok elapsed_sec=143.6
[STAGE END] 2026-04-01 11:26:33 stage=01_make_ens1m_netcdf_convert
[STAGE START] 2026-04-01 11:26:33 stage=02_make_ens1m_hourly
[SUBPROC START] 2026-04-01 11:26:33 02_make_ens1m_hourly.py date=20260331 var=TMP
[SUBPROC START] 2026-04-01 11:26:33 02_make_ens1m_hourly.py date=20260331 var=RH
[RUN][RUN] /home/nemo/miniforge3/envs/geps/bin/python /home/nemo/JMA-GPV/scripts/02_make_ens1m_hourly.py --date 20260331 --var RH --base /mnt/e/data 
/home/nemo/miniforge3/envs/geps/bin/python /home/nemo/JMA-GPV/scripts/02_make_ens1m_hourly.py --date 20260331 --var TMP --base /mnt/e/data
[SUBPROC END] 2026-04-01 11:26:50 02_make_ens1m_hourly.py date=20260331 var=TMP status=ok elapsed_sec=16.9
[SUBPROC START] 2026-04-01 11:26:50 02_make_ens1m_hourly.py date=20260331 var=UGRD
[RUN] /home/nemo/miniforge3/envs/geps/bin/python /home/nemo/JMA-GPV/scripts/02_make_ens1m_hourly.py --date 20260331 --var UGRD --base /mnt/e/data
[SUBPROC END] 2026-04-01 11:26:52 02_make_ens1m_hourly.py date=20260331 var=RH status=ok elapsed_sec=18.5
[SUBPROC START] 2026-04-01 11:26:52 02_make_ens1m_hourly.py date=20260331 var=VGRD
[RUN] /home/nemo/miniforge3/envs/geps/bin/python /home/nemo/JMA-GPV/scripts/02_make_ens1m_hourly.py --date 20260331 --var VGRD --base /mnt/e/data
[SUBPROC END] 2026-04-01 11:27:09 02_make_ens1m_hourly.py date=20260331 var=UGRD status=ok elapsed_sec=18.6
[SUBPROC START] 2026-04-01 11:27:09 02_make_ens1m_hourly.py date=20260331 var=APCP
[RUN] /home/nemo/miniforge3/envs/geps/bin/python /home/nemo/JMA-GPV/scripts/02_make_ens1m_hourly.py --date 20260331 --var APCP --base /mnt/e/data
[SUBPROC END] 2026-04-01 11:27:11 02_make_ens1m_hourly.py date=20260331 var=VGRD status=ok elapsed_sec=19.2
[SUBPROC START] 2026-04-01 11:27:11 02_make_ens1m_hourly.py date=20260331 var=PRMSL
[RUN] /home/nemo/miniforge3/envs/geps/bin/python /home/nemo/JMA-GPV/scripts/02_make_ens1m_hourly.py --date 20260331 --var PRMSL --base /mnt/e/data
[SUBPROC END] 2026-04-01 11:27:27 02_make_ens1m_hourly.py date=20260331 var=PRMSL status=ok elapsed_sec=16.0
[SUBPROC START] 2026-04-01 11:27:27 02_make_ens1m_hourly.py date=20260331 var=TCDC
[RUN] /home/nemo/miniforge3/envs/geps/bin/python /home/nemo/JMA-GPV/scripts/02_make_ens1m_hourly.py --date 20260331 --var TCDC --base /mnt/e/data
[SUBPROC END] 2026-04-01 11:27:42 02_make_ens1m_hourly.py date=20260331 var=TCDC status=ok elapsed_sec=15.5
[SUBPROC END] 2026-04-01 11:28:15 02_make_ens1m_hourly.py date=20260331 var=APCP status=ok elapsed_sec=66.6
[STAGE END] 2026-04-01 11:28:15 stage=02_make_ens1m_hourly
[STAGE START] 2026-04-01 11:28:15 stage=03_make_ens1m_hourly_wind
[SUBPROC START] 2026-04-01 11:28:15 03_make_ens1m_hourly_wind.py date=20260331
[RUN] /home/nemo/miniforge3/envs/geps/bin/python /home/nemo/JMA-GPV/scripts/03_make_ens1m_hourly_wind.py --date 20260331 --base /mnt/e/data
[SUBPROC END] 2026-04-01 11:30:30 03_make_ens1m_hourly_wind.py date=20260331 status=ok elapsed_sec=134.2
[STAGE END] 2026-04-01 11:30:30 stage=03_make_ens1m_hourly_wind
[STAGE START] 2026-04-01 11:30:30 stage=04_make_ens1m_daily
[SUBPROC START] 2026-04-01 11:30:30 04_make_ens1m_daily.py date=20260331 var=TMP
[SUBPROC START] 2026-04-01 11:30:30 04_make_ens1m_daily.py date=20260331 var=RH
[RUN][RUN] /home/nemo/miniforge3/envs/geps/bin/python /home/nemo/JMA-GPV/scripts/04_make_ens1m_daily.py --date 20260331 --var TMP --base /mnt/e/data
 /home/nemo/miniforge3/envs/geps/bin/python /home/nemo/JMA-GPV/scripts/04_make_ens1m_daily.py --date 20260331 --var RH --base /mnt/e/data
[SUBPROC END] 2026-04-01 11:31:14 04_make_ens1m_daily.py date=20260331 var=TMP status=ok elapsed_sec=44.9
[SUBPROC START] 2026-04-01 11:31:14 04_make_ens1m_daily.py date=20260331 var=UGRD
[RUN] /home/nemo/miniforge3/envs/geps/bin/python /home/nemo/JMA-GPV/scripts/04_make_ens1m_daily.py --date 20260331 --var UGRD --base /mnt/e/data
[SUBPROC END] 2026-04-01 11:31:19 04_make_ens1m_daily.py date=20260331 var=RH status=ok elapsed_sec=49.4
[SUBPROC START] 2026-04-01 11:31:19 04_make_ens1m_daily.py date=20260331 var=VGRD
[RUN] /home/nemo/miniforge3/envs/geps/bin/python /home/nemo/JMA-GPV/scripts/04_make_ens1m_daily.py --date 20260331 --var VGRD --base /mnt/e/data
[SUBPROC END] 2026-04-01 11:32:12 04_make_ens1m_daily.py date=20260331 var=UGRD status=ok elapsed_sec=57.8
[SUBPROC START] 2026-04-01 11:32:12 04_make_ens1m_daily.py date=20260331 var=APCP
[RUN] /home/nemo/miniforge3/envs/geps/bin/python /home/nemo/JMA-GPV/scripts/04_make_ens1m_daily.py --date 20260331 --var APCP --base /mnt/e/data
[SUBPROC END] 2026-04-01 11:32:17 04_make_ens1m_daily.py date=20260331 var=VGRD status=ok elapsed_sec=58.2
[SUBPROC START] 2026-04-01 11:32:17 04_make_ens1m_daily.py date=20260331 var=PRMSL
[RUN] /home/nemo/miniforge3/envs/geps/bin/python /home/nemo/JMA-GPV/scripts/04_make_ens1m_daily.py --date 20260331 --var PRMSL --base /mnt/e/data
[SUBPROC END] 2026-04-01 11:32:22 04_make_ens1m_daily.py date=20260331 var=APCP status=ok elapsed_sec=9.9
[SUBPROC START] 2026-04-01 11:32:22 04_make_ens1m_daily.py date=20260331 var=TCDC
[RUN] /home/nemo/miniforge3/envs/geps/bin/python /home/nemo/JMA-GPV/scripts/04_make_ens1m_daily.py --date 20260331 --var TCDC --base /mnt/e/data
[SUBPROC END] 2026-04-01 11:32:58 04_make_ens1m_daily.py date=20260331 var=PRMSL status=ok elapsed_sec=40.7
[SUBPROC END] 2026-04-01 11:33:13 04_make_ens1m_daily.py date=20260331 var=TCDC status=ok elapsed_sec=51.3
[STAGE END] 2026-04-01 11:33:13 stage=04_make_ens1m_daily
[STAGE START] 2026-04-01 11:33:13 stage=05_make_ens1m_daily_wind
[SUBPROC START] 2026-04-01 11:33:13 05_make_ens1m_daily_wind.py date=20260331
[RUN] /home/nemo/miniforge3/envs/geps/bin/python /home/nemo/JMA-GPV/scripts/05_make_ens1m_daily_wind.py --date 20260331 --base /mnt/e/data
[SUBPROC END] 2026-04-01 11:33:19 05_make_ens1m_daily_wind.py date=20260331 status=ok elapsed_sec=5.8
[STAGE END] 2026-04-01 11:33:19 stage=05_make_ens1m_daily_wind
[STAGE START] 2026-04-01 11:33:19 stage=extend_with_previous_thursday
[SKIP] extend hourly TMP: missing current or previous-Thursday file
[SKIP] extend hourly RH: missing current or previous-Thursday file
[SKIP] extend hourly UGRD: missing current or previous-Thursday file
[SKIP] extend hourly VGRD: missing current or previous-Thursday file
[SKIP] extend hourly APCP: missing current or previous-Thursday file
[SKIP] extend hourly PRMSL: missing current or previous-Thursday file
[SKIP] extend hourly TCDC: missing current or previous-Thursday file
[SKIP] extend hourly WS: missing current or previous-Thursday file
[SKIP] extend hourly WD: missing current or previous-Thursday file
[SKIP] extend daily TMP: missing current or previous-Thursday file
[SKIP] extend daily RH: missing current or previous-Thursday file
[SKIP] extend daily UGRD: missing current or previous-Thursday file
[SKIP] extend daily VGRD: missing current or previous-Thursday file
[SKIP] extend daily APCP: missing current or previous-Thursday file
[SKIP] extend daily PRMSL: missing current or previous-Thursday file
[SKIP] extend daily TCDC: missing current or previous-Thursday file
[SKIP] extend daily WS: missing current or previous-Thursday file
[SKIP] extend daily WD: missing current or previous-Thursday file
[STAGE END] 2026-04-01 11:33:19 stage=extend_with_previous_thursday
[STAGE START] 2026-04-01 11:33:19 stage=16_plot_ens1m_daily_check_points
[SUBPROC START] 2026-04-01 11:33:19 16_plot_ens1m_daily_check_points.py date=20260331
[RUN] /home/nemo/miniforge3/envs/geps/bin/python /home/nemo/JMA-GPV/scripts/16_plot_ens1m_daily_check_points.py --date 20260331 --base /mnt/e/data
[SUBPROC END] 2026-04-01 11:33:22 16_plot_ens1m_daily_check_points.py date=20260331 status=ok elapsed_sec=2.5
[STAGE END] 2026-04-01 11:33:22 stage=16_plot_ens1m_daily_check_points
[STAGE START] 2026-04-01 11:33:22 stage=17_plot_ens1m_hourly_check_points
[SUBPROC START] 2026-04-01 11:33:22 17_plot_ens1m_hourly_check_points.py date=20260331
[RUN] /home/nemo/miniforge3/envs/geps/bin/python /home/nemo/JMA-GPV/scripts/17_plot_ens1m_hourly_check_points.py --date 20260331 --base /mnt/e/data
[SUBPROC END] 2026-04-01 11:33:25 17_plot_ens1m_hourly_check_points.py date=20260331 status=ok elapsed_sec=3.3
[STAGE END] 2026-04-01 11:33:25 stage=17_plot_ens1m_hourly_check_points
[BATCH END] 2026-04-01 11:33:25 date=20260331 elapsed_sec=1036.0
